CONST[123]
AND
PROCEDURE
ARRAY
ID[ARRAY]
LPAREN
SEMICOLON
ASSIGN
ID[token]
EQUAL
RPAREN
CONST[3]
WHILE
