IF
LPAREN
ID[x]
EQUAL
EQUAL
ID[y]
RPAREN
THEN
IN
ID[x]
SEMICOLON
ELSE
OUT
ID[x]
SEMICOLON
