WHILE
NOT
LPAREN
ID[x]
ADD
ID[y]
EQUAL
EQUAL
EQUAL
EQUAL
ID[z10]
MULTIPLY
CONST[101]
BEGIN
ID[test]
SEMICOLON
ID[test]
COLON
EQUAL
ID[test1]
SUBTRACT
ID[test2]
SEMICOLON
END
