ID[pRocedure]
ID[In]
ID[oUt]
ID[iF]
ID[TheN]
ID[END]
ID[BEGIN]
ID[EnD]
ID[ref]
ID[EOS]
