ID[precedure]
ID[int]
ID[x]
COMMA
ID[y]
COMMA
ID[z]
SEMICOLON
ID[A]
LPAREN
ID[a]
COMMA
ID[b]
COMMA
ID[c]
RPAREN
BEGIN
ID[a]
EQUAL
ID[b]
LESS
ID[c]
SEMICOLON
BEGIN
IN
ID[x]
COMMA
ID[y]
COMMA
ID[z]
SEMICOLON
ID[A]
LPAREN
ID[x]
COMMA
ID[y]
COMMA
ID[z]
RPAREN
SEMICOLON
END
