ARRAY
ID[int]
ID[X]
COMMA
ID[Y]
COMMA
ID[XY]
SEMICOLON
BEGIN
ID[X]
EQUAL
CONST[0]
SEMICOLON
NEW
LBRACE
CONST[10]
RBRACE
ID[X]
SEMICOLON
END
