ID[program]
ID[int]
ID[X]
COMMA
ID[Y]
COMMA
ID[XY]
SEMICOLON
ID[a]
LPAREN
ID[b]
COMMA
ID[c]
COMMA
ID[d]
RPAREN
BEGIN
ID[a]
EQUAL
ID[a]
ADD
ID[b]
ADD
ID[c]
SEMICOLON
SEMICOLON
BEGIN
ID[X]
EQUAL
CONST[0]
SEMICOLON
ID[output]
ID[X]
SEMICOLON
END
AND
ID[instance]
