PROCEDURE
ARRAY
ID[X]
COMMA
ID[Y]
COMMA
ID[XY]
SEMICOLON
IN
ID[X]
COMMA
ID[Y]
SEMICOLON
WHILE
LPAREN
ID[X]
EQUAL
EQUAL
EQUAL
CONST[0]
RPAREN
BEGIN
ID[Y]
EQUAL
ID[Y]
MULTIPLY
ID[Y]
SEMICOLON
ID[X]
EQUAL
ID[X]
SUBTRACT
CONST[1]
SEMICOLON
SEMICOLON
OUT
ID[Y]
SEMICOLON
END
