ID[int]
ID[x1]
COMMA
ID[y123y]
COMMA
ID[z9z9z9z]
SEMICOLON
