gc:1
gc:0
gc:1
gc:0
gc:1
gc:0
gc:1
gc:0
gc:1
gc:0
gc:1
gc:0
gc:1
gc:0
gc:1
gc:0
gc:1
gc:0
