gc:1
gc:2
gc:3
gc:4
gc:5
gc:6
0
gc:5
gc:4
gc:3
gc:2
gc:1
gc:0
